108.162.229.183 - - [06/Feb/2016:18:51:29 +0100] "GET / HTTP/1.1" 500 185 "-" "Mozilla/5.0 (X11; Ubuntu; Linux x86_64; rv:44.0) Gecko/20100101 Firefox/44.0"
108.162.229.183 - - [06/Feb/2016:18:51:31 +0100] "GET / HTTP/1.1" 500 185 "-" "Mozilla/5.0 (X11; Ubuntu; Linux x86_64; rv:44.0) Gecko/20100101 Firefox/44.0"
108.162.229.183 - - [06/Feb/2016:18:51:33 +0100] "GET / HTTP/1.1" 500 185 "-" "Mozilla/5.0 (X11; Ubuntu; Linux x86_64; rv:44.0) Gecko/20100101 Firefox/44.0"
108.162.229.183 - - [06/Feb/2016:18:51:33 +0100] "GET / HTTP/1.1" 500 185 "-" "Mozilla/5.0 (X11; Ubuntu; Linux x86_64; rv:44.0) Gecko/20100101 Firefox/44.0"
108.162.229.183 - - [06/Feb/2016:18:51:33 +0100] "GET / HTTP/1.1" 500 185 "-" "Mozilla/5.0 (X11; Ubuntu; Linux x86_64; rv:44.0) Gecko/20100101 Firefox/44.0"
108.162.229.183 - - [06/Feb/2016:18:53:17 +0100] "GET / HTTP/1.1" 500 185 "-" "Mozilla/5.0 (X11; Ubuntu; Linux x86_64; rv:44.0) Gecko/20100101 Firefox/44.0"
108.162.229.183 - - [06/Feb/2016:18:53:17 +0100] "GET / HTTP/1.1" 500 185 "-" "Mozilla/5.0 (X11; Ubuntu; Linux x86_64; rv:44.0) Gecko/20100101 Firefox/44.0"
108.162.229.183 - - [06/Feb/2016:18:53:18 +0100] "GET / HTTP/1.1" 500 185 "-" "Mozilla/5.0 (X11; Ubuntu; Linux x86_64; rv:44.0) Gecko/20100101 Firefox/44.0"
108.162.229.183 - - [06/Feb/2016:18:53:18 +0100] "GET / HTTP/1.1" 500 185 "-" "Mozilla/5.0 (X11; Ubuntu; Linux x86_64; rv:44.0) Gecko/20100101 Firefox/44.0"
108.162.229.183 - - [06/Feb/2016:18:54:07 +0100] "GET / HTTP/1.1" 500 185 "-" "Mozilla/5.0 (X11; Ubuntu; Linux x86_64; rv:44.0) Gecko/20100101 Firefox/44.0"
108.162.229.183 - - [06/Feb/2016:18:54:08 +0100] "GET / HTTP/1.1" 500 185 "-" "Mozilla/5.0 (X11; Ubuntu; Linux x86_64; rv:44.0) Gecko/20100101 Firefox/44.0"
108.162.229.183 - - [06/Feb/2016:18:54:08 +0100] "GET / HTTP/1.1" 500 185 "-" "Mozilla/5.0 (X11; Ubuntu; Linux x86_64; rv:44.0) Gecko/20100101 Firefox/44.0"
108.162.229.183 - - [06/Feb/2016:18:54:09 +0100] "GET / HTTP/1.1" 500 185 "-" "Mozilla/5.0 (X11; Ubuntu; Linux x86_64; rv:44.0) Gecko/20100101 Firefox/44.0"
108.162.229.183 - - [06/Feb/2016:18:54:09 +0100] "GET / HTTP/1.1" 500 185 "-" "Mozilla/5.0 (X11; Ubuntu; Linux x86_64; rv:44.0) Gecko/20100101 Firefox/44.0"
108.162.229.183 - - [06/Feb/2016:18:54:10 +0100] "GET / HTTP/1.1" 500 185 "-" "Mozilla/5.0 (X11; Ubuntu; Linux x86_64; rv:44.0) Gecko/20100101 Firefox/44.0"
108.162.229.183 - - [06/Feb/2016:18:54:10 +0100] "GET / HTTP/1.1" 500 185 "-" "Mozilla/5.0 (X11; Ubuntu; Linux x86_64; rv:44.0) Gecko/20100101 Firefox/44.0"
108.162.229.183 - - [06/Feb/2016:18:54:10 +0100] "GET / HTTP/1.1" 500 185 "-" "Mozilla/5.0 (X11; Ubuntu; Linux x86_64; rv:44.0) Gecko/20100101 Firefox/44.0"
108.162.229.183 - - [06/Feb/2016:18:54:18 +0100] "GET / HTTP/1.1" 500 185 "-" "Mozilla/5.0 (X11; Ubuntu; Linux x86_64; rv:44.0) Gecko/20100101 Firefox/44.0"
108.162.229.183 - - [06/Feb/2016:18:54:19 +0100] "GET / HTTP/1.1" 500 185 "-" "Mozilla/5.0 (X11; Ubuntu; Linux x86_64; rv:44.0) Gecko/20100101 Firefox/44.0"
108.162.229.183 - - [06/Feb/2016:18:54:19 +0100] "GET / HTTP/1.1" 500 185 "-" "Mozilla/5.0 (X11; Ubuntu; Linux x86_64; rv:44.0) Gecko/20100101 Firefox/44.0"
108.162.229.183 - - [06/Feb/2016:18:55:45 +0100] "GET / HTTP/1.1" 302 537 "-" "Mozilla/5.0 (X11; Ubuntu; Linux x86_64; rv:44.0) Gecko/20100101 Firefox/44.0"
108.162.229.183 - - [06/Feb/2016:18:55:45 +0100] "GET /core/install.php HTTP/1.1" 200 4120 "-" "Mozilla/5.0 (X11; Ubuntu; Linux x86_64; rv:44.0) Gecko/20100101 Firefox/44.0"
173.245.49.201 - - [06/Feb/2016:18:55:45 +0100] "GET /core/assets/vendor/domready/ready.min.js?v=1.0.8 HTTP/1.1" 200 642 "http://delta9.link/core/install.php" "Mozilla/5.0 (X11; Ubuntu; Linux x86_64; rv:44.0) Gecko/20100101 Firefox/44.0"
173.245.49.177 - - [06/Feb/2016:18:55:46 +0100] "GET /core/assets/vendor/jquery-once/jquery.once.min.js?v=2.1.1 HTTP/1.1" 200 740 "http://delta9.link/core/install.php" "Mozilla/5.0 (X11; Ubuntu; Linux x86_64; rv:44.0) Gecko/20100101 Firefox/44.0"
162.158.192.11 - - [06/Feb/2016:18:55:46 +0100] "GET /core/misc/drupal.js?v=8.0.3 HTTP/1.1" 200 6140 "http://delta9.link/core/install.php" "Mozilla/5.0 (X11; Ubuntu; Linux x86_64; rv:44.0) Gecko/20100101 Firefox/44.0"
173.245.49.199 - - [06/Feb/2016:18:55:46 +0100] "GET /core/misc/drupalSettingsLoader.js?v=8.0.3 HTTP/1.1" 200 707 "http://delta9.link/core/install.php" "Mozilla/5.0 (X11; Ubuntu; Linux x86_64; rv:44.0) Gecko/20100101 Firefox/44.0"
173.245.49.201 - - [06/Feb/2016:18:55:46 +0100] "GET /core/assets/vendor/jquery/jquery.min.js?v=2.1.4 HTTP/1.1" 200 29873 "http://delta9.link/core/install.php" "Mozilla/5.0 (X11; Ubuntu; Linux x86_64; rv:44.0) Gecko/20100101 Firefox/44.0"
162.158.192.17 - - [06/Feb/2016:18:55:46 +0100] "GET /core/themes/seven/js/mobile.install.js?v=8.0.3 HTTP/1.1" 200 729 "http://delta9.link/core/install.php" "Mozilla/5.0 (X11; Ubuntu; Linux x86_64; rv:44.0) Gecko/20100101 Firefox/44.0"
173.245.49.172 - - [06/Feb/2016:18:55:46 +0100] "GET /core/misc/states.js?v=8.0.3 HTTP/1.1" 200 6420 "http://delta9.link/core/install.php" "Mozilla/5.0 (X11; Ubuntu; Linux x86_64; rv:44.0) Gecko/20100101 Firefox/44.0"
108.162.229.175 - - [06/Feb/2016:18:55:46 +0100] "GET /core/assets/vendor/normalize-css/normalize.css?0 HTTP/1.1" 200 2879 "http://delta9.link/core/install.php" "Mozilla/5.0 (X11; Ubuntu; Linux x86_64; rv:44.0) Gecko/20100101 Firefox/44.0"
108.162.229.184 - - [06/Feb/2016:18:55:46 +0100] "GET /core/themes/stable/css/system/components/align.module.css?0 HTTP/1.1" 200 515 "http://delta9.link/core/install.php" "Mozilla/5.0 (X11; Ubuntu; Linux x86_64; rv:44.0) Gecko/20100101 Firefox/44.0"
162.158.192.23 - - [06/Feb/2016:18:55:46 +0100] "GET /core/themes/stable/css/system/components/autocomplete-loading.module.css?0 HTTP/1.1" 200 550 "http://delta9.link/core/install.php" "Mozilla/5.0 (X11; Ubuntu; Linux x86_64; rv:44.0) Gecko/20100101 Firefox/44.0"
108.162.229.196 - - [06/Feb/2016:18:55:46 +0100] "GET /core/themes/stable/css/system/components/fieldgroup.module.css?0 HTTP/1.1" 200 391 "http://delta9.link/core/install.php" "Mozilla/5.0 (X11; Ubuntu; Linux x86_64; rv:44.0) Gecko/20100101 Firefox/44.0"
162.158.192.17 - - [06/Feb/2016:18:55:46 +0100] "GET /core/themes/stable/css/system/components/container-inline.module.css?0 HTTP/1.1" 200 452 "http://delta9.link/core/install.php" "Mozilla/5.0 (X11; Ubuntu; Linux x86_64; rv:44.0) Gecko/20100101 Firefox/44.0"
173.245.49.190 - - [06/Feb/2016:18:55:46 +0100] "GET /core/themes/stable/css/system/components/item-list.module.css?0 HTTP/1.1" 200 453 "http://delta9.link/core/install.php" "Mozilla/5.0 (X11; Ubuntu; Linux x86_64; rv:44.0) Gecko/20100101 Firefox/44.0"
173.245.49.172 - - [06/Feb/2016:18:55:46 +0100] "GET /core/themes/stable/css/system/components/details.module.css?0 HTTP/1.1" 200 419 "http://delta9.link/core/install.php" "Mozilla/5.0 (X11; Ubuntu; Linux x86_64; rv:44.0) Gecko/20100101 Firefox/44.0"
108.162.229.191 - - [06/Feb/2016:18:55:46 +0100] "GET /core/themes/stable/css/system/components/hidden.module.css?0 HTTP/1.1" 200 947 "http://delta9.link/core/install.php" "Mozilla/5.0 (X11; Ubuntu; Linux x86_64; rv:44.0) Gecko/20100101 Firefox/44.0"
173.245.49.177 - - [06/Feb/2016:18:55:46 +0100] "GET /core/themes/stable/css/system/components/clearfix.module.css?0 HTTP/1.1" 200 520 "http://delta9.link/core/install.php" "Mozilla/5.0 (X11; Ubuntu; Linux x86_64; rv:44.0) Gecko/20100101 Firefox/44.0"
173.245.49.173 - - [06/Feb/2016:18:55:46 +0100] "GET /core/themes/stable/css/system/components/js.module.css?0 HTTP/1.1" 200 531 "http://delta9.link/core/install.php" "Mozilla/5.0 (X11; Ubuntu; Linux x86_64; rv:44.0) Gecko/20100101 Firefox/44.0"
162.158.192.11 - - [06/Feb/2016:18:55:46 +0100] "GET /core/themes/stable/css/system/components/ajax-progress.module.css?0 HTTP/1.1" 200 784 "http://delta9.link/core/install.php" "Mozilla/5.0 (X11; Ubuntu; Linux x86_64; rv:44.0) Gecko/20100101 Firefox/44.0"
141.101.66.185 - - [06/Feb/2016:18:55:46 +0100] "GET /core/themes/stable/css/system/components/nowrap.module.css?0 HTTP/1.1" 200 402 "http://delta9.link/core/install.php" "Mozilla/5.0 (X11; Ubuntu; Linux x86_64; rv:44.0) Gecko/20100101 Firefox/44.0"
141.101.66.191 - - [06/Feb/2016:18:55:46 +0100] "GET /core/themes/stable/css/system/components/position-container.module.css?0 HTTP/1.1" 200 391 "http://delta9.link/core/install.php" "Mozilla/5.0 (X11; Ubuntu; Linux x86_64; rv:44.0) Gecko/20100101 Firefox/44.0"
173.245.49.193 - - [06/Feb/2016:18:55:46 +0100] "GET /core/themes/stable/css/system/components/progress.module.css?0 HTTP/1.1" 200 655 "http://delta9.link/core/install.php" "Mozilla/5.0 (X11; Ubuntu; Linux x86_64; rv:44.0) Gecko/20100101 Firefox/44.0"
108.162.229.200 - - [06/Feb/2016:18:55:46 +0100] "GET /core/themes/stable/css/system/components/reset-appearance.module.css?0 HTTP/1.1" 200 487 "http://delta9.link/core/install.php" "Mozilla/5.0 (X11; Ubuntu; Linux x86_64; rv:44.0) Gecko/20100101 Firefox/44.0"
173.245.49.203 - - [06/Feb/2016:18:55:46 +0100] "GET /core/themes/stable/css/system/components/sticky-header.module.css?0 HTTP/1.1" 200 441 "http://delta9.link/core/install.php" "Mozilla/5.0 (X11; Ubuntu; Linux x86_64; rv:44.0) Gecko/20100101 Firefox/44.0"
173.245.49.199 - - [06/Feb/2016:18:55:46 +0100] "GET /core/themes/stable/css/system/components/tabledrag.module.css?0 HTTP/1.1" 200 930 "http://delta9.link/core/install.php" "Mozilla/5.0 (X11; Ubuntu; Linux x86_64; rv:44.0) Gecko/20100101 Firefox/44.0"
162.158.192.29 - - [06/Feb/2016:18:55:46 +0100] "GET /core/themes/stable/css/system/components/resize.module.css?0 HTTP/1.1" 200 454 "http://delta9.link/core/install.php" "Mozilla/5.0 (X11; Ubuntu; Linux x86_64; rv:44.0) Gecko/20100101 Firefox/44.0"
162.158.192.23 - - [06/Feb/2016:18:55:46 +0100] "GET /core/themes/stable/css/system/components/tablesort.module.css?0 HTTP/1.1" 200 512 "http://delta9.link/core/install.php" "Mozilla/5.0 (X11; Ubuntu; Linux x86_64; rv:44.0) Gecko/20100101 Firefox/44.0"
141.101.66.179 - - [06/Feb/2016:18:55:46 +0100] "GET /core/themes/stable/css/system/components/tree-child.module.css?0 HTTP/1.1" 200 522 "http://delta9.link/core/install.php" "Mozilla/5.0 (X11; Ubuntu; Linux x86_64; rv:44.0) Gecko/20100101 Firefox/44.0"
108.162.229.188 - - [06/Feb/2016:18:55:46 +0100] "GET /core/themes/stable/css/system/system.admin.css?0 HTTP/1.1" 200 2221 "http://delta9.link/core/install.php" "Mozilla/5.0 (X11; Ubuntu; Linux x86_64; rv:44.0) Gecko/20100101 Firefox/44.0"
108.162.229.186 - - [06/Feb/2016:18:55:46 +0100] "GET /core/themes/seven/css/base/elements.css?0 HTTP/1.1" 200 1271 "http://delta9.link/core/install.php" "Mozilla/5.0 (X11; Ubuntu; Linux x86_64; rv:44.0) Gecko/20100101 Firefox/44.0"
108.162.229.184 - - [06/Feb/2016:18:55:46 +0100] "GET /core/themes/stable/css/system/system.maintenance.css?0 HTTP/1.1" 200 713 "http://delta9.link/core/install.php" "Mozilla/5.0 (X11; Ubuntu; Linux x86_64; rv:44.0) Gecko/20100101 Firefox/44.0"
141.101.66.221 - - [06/Feb/2016:18:55:46 +0100] "GET /core/themes/seven/css/base/typography.css?0 HTTP/1.1" 200 552 "http://delta9.link/core/install.php" "Mozilla/5.0 (X11; Ubuntu; Linux x86_64; rv:44.0) Gecko/20100101 Firefox/44.0"
162.158.192.5 - - [06/Feb/2016:18:55:46 +0100] "GET /core/themes/seven/css/base/print.css?0 HTTP/1.1" 200 915 "http://delta9.link/core/install.php" "Mozilla/5.0 (X11; Ubuntu; Linux x86_64; rv:44.0) Gecko/20100101 Firefox/44.0"
173.245.49.201 - - [06/Feb/2016:18:55:46 +0100] "GET /core/themes/seven/css/layout/layout.css?0 HTTP/1.1" 200 392 "http://delta9.link/core/install.php" "Mozilla/5.0 (X11; Ubuntu; Linux x86_64; rv:44.0) Gecko/20100101 Firefox/44.0"
173.245.49.192 - - [06/Feb/2016:18:55:46 +0100] "GET /core/themes/classy/css/components/action-links.css?0 HTTP/1.1" 200 658 "http://delta9.link/core/install.php" "Mozilla/5.0 (X11; Ubuntu; Linux x86_64; rv:44.0) Gecko/20100101 Firefox/44.0"
108.162.229.181 - - [06/Feb/2016:18:55:46 +0100] "GET /core/themes/classy/css/components/breadcrumb.css?0 HTTP/1.1" 200 582 "http://delta9.link/core/install.php" "Mozilla/5.0 (X11; Ubuntu; Linux x86_64; rv:44.0) Gecko/20100101 Firefox/44.0"
173.245.49.172 - - [06/Feb/2016:18:55:46 +0100] "GET /core/themes/classy/css/components/button.css?0 HTTP/1.1" 200 432 "http://delta9.link/core/install.php" "Mozilla/5.0 (X11; Ubuntu; Linux x86_64; rv:44.0) Gecko/20100101 Firefox/44.0"
173.245.49.203 - - [06/Feb/2016:18:55:46 +0100] "GET /core/themes/classy/css/components/collapse-processed.css?0 HTTP/1.1" 200 630 "http://delta9.link/core/install.php" "Mozilla/5.0 (X11; Ubuntu; Linux x86_64; rv:44.0) Gecko/20100101 Firefox/44.0"
108.162.229.174 - - [06/Feb/2016:18:55:46 +0100] "GET /core/themes/classy/css/components/container-inline.css?0 HTTP/1.1" 200 468 "http://delta9.link/core/install.php" "Mozilla/5.0 (X11; Ubuntu; Linux x86_64; rv:44.0) Gecko/20100101 Firefox/44.0"
108.162.229.177 - - [06/Feb/2016:18:55:46 +0100] "GET /core/themes/classy/css/components/details.css?0 HTTP/1.1" 200 605 "http://delta9.link/core/install.php" "Mozilla/5.0 (X11; Ubuntu; Linux x86_64; rv:44.0) Gecko/20100101 Firefox/44.0"
108.162.229.186 - - [06/Feb/2016:18:55:46 +0100] "GET /core/themes/classy/css/components/exposed-filters.css?0 HTTP/1.1" 200 603 "http://delta9.link/core/install.php" "Mozilla/5.0 (X11; Ubuntu; Linux x86_64; rv:44.0) Gecko/20100101 Firefox/44.0"
108.162.229.199 - - [06/Feb/2016:18:55:46 +0100] "GET /core/themes/classy/css/components/field.css?0 HTTP/1.1" 200 509 "http://delta9.link/core/install.php" "Mozilla/5.0 (X11; Ubuntu; Linux x86_64; rv:44.0) Gecko/20100101 Firefox/44.0"
108.162.229.204 - - [06/Feb/2016:18:55:46 +0100] "GET /core/themes/classy/css/components/form.css?0 HTTP/1.1" 200 1091 "http://delta9.link/core/install.php" "Mozilla/5.0 (X11; Ubuntu; Linux x86_64; rv:44.0) Gecko/20100101 Firefox/44.0"
141.101.66.209 - - [06/Feb/2016:18:55:46 +0100] "GET /core/themes/classy/css/components/icons.css?0 HTTP/1.1" 200 565 "http://delta9.link/core/install.php" "Mozilla/5.0 (X11; Ubuntu; Linux x86_64; rv:44.0) Gecko/20100101 Firefox/44.0"
173.245.49.184 - - [06/Feb/2016:18:55:46 +0100] "GET /core/themes/classy/css/components/inline-form.css?0 HTTP/1.1" 200 591 "http://delta9.link/core/install.php" "Mozilla/5.0 (X11; Ubuntu; Linux x86_64; rv:44.0) Gecko/20100101 Firefox/44.0"
173.245.49.198 - - [06/Feb/2016:18:55:46 +0100] "GET /core/themes/classy/css/components/link.css?0 HTTP/1.1" 200 466 "http://delta9.link/core/install.php" "Mozilla/5.0 (X11; Ubuntu; Linux x86_64; rv:44.0) Gecko/20100101 Firefox/44.0"
108.162.229.193 - - [06/Feb/2016:18:55:46 +0100] "GET /core/themes/classy/css/components/item-list.css?0 HTTP/1.1" 200 550 "http://delta9.link/core/install.php" "Mozilla/5.0 (X11; Ubuntu; Linux x86_64; rv:44.0) Gecko/20100101 Firefox/44.0"
173.245.49.191 - - [06/Feb/2016:18:55:46 +0100] "GET /core/themes/classy/css/components/menu.css?0 HTTP/1.1" 200 596 "http://delta9.link/core/install.php" "Mozilla/5.0 (X11; Ubuntu; Linux x86_64; rv:44.0) Gecko/20100101 Firefox/44.0"
108.162.229.170 - - [06/Feb/2016:18:55:46 +0100] "GET /core/themes/classy/css/components/links.css?0 HTTP/1.1" 200 508 "http://delta9.link/core/install.php" "Mozilla/5.0 (X11; Ubuntu; Linux x86_64; rv:44.0) Gecko/20100101 Firefox/44.0"
108.162.229.193 - - [06/Feb/2016:18:55:46 +0100] "GET /core/themes/classy/css/components/tabledrag.css?0 HTTP/1.1" 200 456 "http://delta9.link/core/install.php" "Mozilla/5.0 (X11; Ubuntu; Linux x86_64; rv:44.0) Gecko/20100101 Firefox/44.0"
173.245.49.189 - - [06/Feb/2016:18:55:46 +0100] "GET /core/themes/classy/css/components/pager.css?0 HTTP/1.1" 200 458 "http://delta9.link/core/install.php" "Mozilla/5.0 (X11; Ubuntu; Linux x86_64; rv:44.0) Gecko/20100101 Firefox/44.0"
108.162.229.186 - - [06/Feb/2016:18:55:46 +0100] "GET /core/themes/classy/css/components/more-link.css?0 HTTP/1.1" 200 449 "http://delta9.link/core/install.php" "Mozilla/5.0 (X11; Ubuntu; Linux x86_64; rv:44.0) Gecko/20100101 Firefox/44.0"
141.101.66.173 - - [06/Feb/2016:18:55:46 +0100] "GET /core/themes/classy/css/components/tablesort.css?0 HTTP/1.1" 200 422 "http://delta9.link/core/install.php" "Mozilla/5.0 (X11; Ubuntu; Linux x86_64; rv:44.0) Gecko/20100101 Firefox/44.0"
173.245.49.196 - - [06/Feb/2016:18:55:46 +0100] "GET /core/themes/classy/css/components/tabs.css?0 HTTP/1.1" 200 567 "http://delta9.link/core/install.php" "Mozilla/5.0 (X11; Ubuntu; Linux x86_64; rv:44.0) Gecko/20100101 Firefox/44.0"
141.101.66.233 - - [06/Feb/2016:18:55:46 +0100] "GET /core/themes/classy/css/components/tableselect.css?0 HTTP/1.1" 200 494 "http://delta9.link/core/install.php" "Mozilla/5.0 (X11; Ubuntu; Linux x86_64; rv:44.0) Gecko/20100101 Firefox/44.0"
141.101.66.179 - - [06/Feb/2016:18:55:46 +0100] "GET /core/themes/classy/css/components/textarea.css?0 HTTP/1.1" 200 448 "http://delta9.link/core/install.php" "Mozilla/5.0 (X11; Ubuntu; Linux x86_64; rv:44.0) Gecko/20100101 Firefox/44.0"
173.245.49.197 - - [06/Feb/2016:18:55:46 +0100] "GET /core/themes/classy/css/components/ui-dialog.css?0 HTTP/1.1" 200 454 "http://delta9.link/core/install.php" "Mozilla/5.0 (X11; Ubuntu; Linux x86_64; rv:44.0) Gecko/20100101 Firefox/44.0"
108.162.229.199 - - [06/Feb/2016:18:55:46 +0100] "GET /core/themes/seven/css/components/admin-list.css?0 HTTP/1.1" 200 694 "http://delta9.link/core/install.php" "Mozilla/5.0 (X11; Ubuntu; Linux x86_64; rv:44.0) Gecko/20100101 Firefox/44.0"
141.101.66.221 - - [06/Feb/2016:18:55:46 +0100] "GET /core/themes/seven/css/components/content-header.css?0 HTTP/1.1" 200 418 "http://delta9.link/core/install.php" "Mozilla/5.0 (X11; Ubuntu; Linux x86_64; rv:44.0) Gecko/20100101 Firefox/44.0"
173.245.49.185 - - [06/Feb/2016:18:55:46 +0100] "GET /core/themes/classy/css/components/messages.css?0 HTTP/1.1" 200 934 "http://delta9.link/core/install.php" "Mozilla/5.0 (X11; Ubuntu; Linux x86_64; rv:44.0) Gecko/20100101 Firefox/44.0"
108.162.229.182 - - [06/Feb/2016:18:55:46 +0100] "GET /core/themes/seven/css/components/breadcrumb.css?0 HTTP/1.1" 200 399 "http://delta9.link/core/install.php" "Mozilla/5.0 (X11; Ubuntu; Linux x86_64; rv:44.0) Gecko/20100101 Firefox/44.0"
173.245.49.195 - - [06/Feb/2016:18:55:46 +0100] "GET /core/themes/seven/css/components/buttons.css?0 HTTP/1.1" 200 1960 "http://delta9.link/core/install.php" "Mozilla/5.0 (X11; Ubuntu; Linux x86_64; rv:44.0) Gecko/20100101 Firefox/44.0"
141.101.66.221 - - [06/Feb/2016:18:55:46 +0100] "GET /core/themes/seven/css/components/colors.css?0 HTTP/1.1" 200 442 "http://delta9.link/core/install.php" "Mozilla/5.0 (X11; Ubuntu; Linux x86_64; rv:44.0) Gecko/20100101 Firefox/44.0"
162.158.192.5 - - [06/Feb/2016:18:55:46 +0100] "GET /core/themes/seven/css/components/messages.css?0 HTTP/1.1" 200 469 "http://delta9.link/core/install.php" "Mozilla/5.0 (X11; Ubuntu; Linux x86_64; rv:44.0) Gecko/20100101 Firefox/44.0"
162.158.192.29 - - [06/Feb/2016:18:55:46 +0100] "GET /core/themes/seven/css/components/dropbutton.component.css?0 HTTP/1.1" 200 1981 "http://delta9.link/core/install.php" "Mozilla/5.0 (X11; Ubuntu; Linux x86_64; rv:44.0) Gecko/20100101 Firefox/44.0"
173.245.49.194 - - [06/Feb/2016:18:55:46 +0100] "GET /core/themes/seven/css/components/field-ui.css?0 HTTP/1.1" 200 602 "http://delta9.link/core/install.php" "Mozilla/5.0 (X11; Ubuntu; Linux x86_64; rv:44.0) Gecko/20100101 Firefox/44.0"
162.158.192.29 - - [06/Feb/2016:18:55:46 +0100] "GET /core/themes/seven/css/components/entity-meta.css?0 HTTP/1.1" 200 817 "http://delta9.link/core/install.php" "Mozilla/5.0 (X11; Ubuntu; Linux x86_64; rv:44.0) Gecko/20100101 Firefox/44.0"
108.162.229.200 - - [06/Feb/2016:18:55:46 +0100] "GET /core/themes/seven/css/components/form.css?0 HTTP/1.1" 200 2305 "http://delta9.link/core/install.php" "Mozilla/5.0 (X11; Ubuntu; Linux x86_64; rv:44.0) Gecko/20100101 Firefox/44.0"
173.245.49.190 - - [06/Feb/2016:18:55:46 +0100] "GET /core/themes/seven/css/components/menus-and-lists.css?0 HTTP/1.1" 200 591 "http://delta9.link/core/install.php" "Mozilla/5.0 (X11; Ubuntu; Linux x86_64; rv:44.0) Gecko/20100101 Firefox/44.0"
108.162.229.183 - - [06/Feb/2016:18:55:46 +0100] "GET /core/themes/seven/css/components/node.css?0 HTTP/1.1" 200 283 "http://delta9.link/core/install.php" "Mozilla/5.0 (X11; Ubuntu; Linux x86_64; rv:44.0) Gecko/20100101 Firefox/44.0"
173.245.49.178 - - [06/Feb/2016:18:55:46 +0100] "GET /core/themes/seven/css/components/modules-page.css?0 HTTP/1.1" 200 605 "http://delta9.link/core/install.php" "Mozilla/5.0 (X11; Ubuntu; Linux x86_64; rv:44.0) Gecko/20100101 Firefox/44.0"
173.245.49.203 - - [06/Feb/2016:18:55:46 +0100] "GET /core/themes/seven/css/components/help.css?0 HTTP/1.1" 200 400 "http://delta9.link/core/install.php" "Mozilla/5.0 (X11; Ubuntu; Linux x86_64; rv:44.0) Gecko/20100101 Firefox/44.0"
108.162.229.189 - - [06/Feb/2016:18:55:46 +0100] "GET /core/themes/seven/css/components/page-title.css?0 HTTP/1.1" 200 414 "http://delta9.link/core/install.php" "Mozilla/5.0 (X11; Ubuntu; Linux x86_64; rv:44.0) Gecko/20100101 Firefox/44.0"
108.162.229.194 - - [06/Feb/2016:18:55:46 +0100] "GET /core/themes/seven/css/components/pager.css?0 HTTP/1.1" 200 711 "http://delta9.link/core/install.php" "Mozilla/5.0 (X11; Ubuntu; Linux x86_64; rv:44.0) Gecko/20100101 Firefox/44.0"
108.162.229.173 - - [06/Feb/2016:18:55:46 +0100] "GET /core/themes/seven/css/components/skip-link.css?0 HTTP/1.1" 200 604 "http://delta9.link/core/install.php" "Mozilla/5.0 (X11; Ubuntu; Linux x86_64; rv:44.0) Gecko/20100101 Firefox/44.0"
162.158.192.11 - - [06/Feb/2016:18:55:46 +0100] "GET /core/themes/seven/css/components/panel.css?0 HTTP/1.1" 200 512 "http://delta9.link/core/install.php" "Mozilla/5.0 (X11; Ubuntu; Linux x86_64; rv:44.0) Gecko/20100101 Firefox/44.0"
108.162.229.196 - - [06/Feb/2016:18:55:46 +0100] "GET /core/themes/seven/css/components/tables.css?0 HTTP/1.1" 200 1186 "http://delta9.link/core/install.php" "Mozilla/5.0 (X11; Ubuntu; Linux x86_64; rv:44.0) Gecko/20100101 Firefox/44.0"
108.162.229.190 - - [06/Feb/2016:18:55:46 +0100] "GET /core/themes/seven/css/components/search-admin-settings.css?0 HTTP/1.1" 200 477 "http://delta9.link/core/install.php" "Mozilla/5.0 (X11; Ubuntu; Linux x86_64; rv:44.0) Gecko/20100101 Firefox/44.0"
173.245.49.176 - - [06/Feb/2016:18:55:46 +0100] "GET /core/themes/seven/css/components/system-status-report.css?0 HTTP/1.1" 200 468 "http://delta9.link/core/install.php" "Mozilla/5.0 (X11; Ubuntu; Linux x86_64; rv:44.0) Gecko/20100101 Firefox/44.0"
173.245.49.192 - - [06/Feb/2016:18:55:46 +0100] "GET /core/themes/seven/css/components/tablesort-indicator.css?0 HTTP/1.1" 200 543 "http://delta9.link/core/install.php" "Mozilla/5.0 (X11; Ubuntu; Linux x86_64; rv:44.0) Gecko/20100101 Firefox/44.0"
173.245.49.189 - - [06/Feb/2016:18:55:46 +0100] "GET /core/themes/seven/css/components/tour.theme.css?0 HTTP/1.1" 200 929 "http://delta9.link/core/install.php" "Mozilla/5.0 (X11; Ubuntu; Linux x86_64; rv:44.0) Gecko/20100101 Firefox/44.0"
108.162.229.192 - - [06/Feb/2016:18:55:46 +0100] "GET /core/themes/seven/css/components/tabs.css?0 HTTP/1.1" 200 2211 "http://delta9.link/core/install.php" "Mozilla/5.0 (X11; Ubuntu; Linux x86_64; rv:44.0) Gecko/20100101 Firefox/44.0"
108.162.229.200 - - [06/Feb/2016:18:55:46 +0100] "GET /core/themes/seven/css/components/views-ui.css?0 HTTP/1.1" 200 2128 "http://delta9.link/core/install.php" "Mozilla/5.0 (X11; Ubuntu; Linux x86_64; rv:44.0) Gecko/20100101 Firefox/44.0"
108.162.229.193 - - [06/Feb/2016:18:55:46 +0100] "GET /core/themes/seven/css/theme/maintenance-page.css?0 HTTP/1.1" 200 1475 "http://delta9.link/core/install.php" "Mozilla/5.0 (X11; Ubuntu; Linux x86_64; rv:44.0) Gecko/20100101 Firefox/44.0"
108.162.229.194 - - [06/Feb/2016:18:55:46 +0100] "GET /core/themes/seven/css/theme/install-page.css?0 HTTP/1.1" 200 866 "http://delta9.link/core/install.php" "Mozilla/5.0 (X11; Ubuntu; Linux x86_64; rv:44.0) Gecko/20100101 Firefox/44.0"
173.245.49.192 - - [06/Feb/2016:18:55:46 +0100] "GET /core/misc/favicon.ico HTTP/1.1" 200 5695 "-" "Mozilla/5.0 (X11; Ubuntu; Linux x86_64; rv:44.0) Gecko/20100101 Firefox/44.0"
141.101.66.197 - - [06/Feb/2016:18:55:46 +0100] "GET /core/themes/seven/images/noise-low.png HTTP/1.1" 200 5404 "http://delta9.link/core/themes/seven/css/theme/install-page.css?0" "Mozilla/5.0 (X11; Ubuntu; Linux x86_64; rv:44.0) Gecko/20100101 Firefox/44.0"
108.162.229.183 - - [06/Feb/2016:18:55:50 +0100] "POST /core/install.php HTTP/1.1" 302 696 "http://delta9.link/core/install.php" "Mozilla/5.0 (X11; Ubuntu; Linux x86_64; rv:44.0) Gecko/20100101 Firefox/44.0"
108.162.229.183 - - [06/Feb/2016:18:55:50 +0100] "GET /core/install.php?langcode=en HTTP/1.1" 200 2490 "http://delta9.link/core/install.php" "Mozilla/5.0 (X11; Ubuntu; Linux x86_64; rv:44.0) Gecko/20100101 Firefox/44.0"
108.162.229.183 - - [06/Feb/2016:18:55:53 +0100] "POST /core/install.php?langcode=en HTTP/1.1" 302 797 "http://delta9.link/core/install.php?langcode=en" "Mozilla/5.0 (X11; Ubuntu; Linux x86_64; rv:44.0) Gecko/20100101 Firefox/44.0"
108.162.229.183 - - [06/Feb/2016:18:55:53 +0100] "GET /core/install.php?langcode=en&profile=standard HTTP/1.1" 200 2546 "http://delta9.link/core/install.php?langcode=en" "Mozilla/5.0 (X11; Ubuntu; Linux x86_64; rv:44.0) Gecko/20100101 Firefox/44.0"
173.245.49.185 - - [06/Feb/2016:18:55:53 +0100] "GET /core/themes/stable/images/core/icons/e32700/error.svg HTTP/1.1" 200 931 "http://delta9.link/core/themes/stable/css/system/system.admin.css?0" "Mozilla/5.0 (X11; Ubuntu; Linux x86_64; rv:44.0) Gecko/20100101 Firefox/44.0"
173.245.49.172 - - [06/Feb/2016:18:55:53 +0100] "GET /core/themes/stable/images/core/icons/e29700/warning.svg HTTP/1.1" 200 664 "http://delta9.link/core/themes/stable/css/system/system.admin.css?0" "Mozilla/5.0 (X11; Ubuntu; Linux x86_64; rv:44.0) Gecko/20100101 Firefox/44.0"
108.162.229.183 - - [06/Feb/2016:18:56:35 +0100] "GET /core/install.php?langcode=en&profile=standard HTTP/1.1" 200 2546 "http://delta9.link/core/install.php?langcode=en" "Mozilla/5.0 (X11; Ubuntu; Linux x86_64; rv:44.0) Gecko/20100101 Firefox/44.0"
162.158.192.17 - - [06/Feb/2016:18:56:35 +0100] "GET /core/themes/seven/js/mobile.install.js?v=8.0.3 HTTP/1.1" 200 729 "http://delta9.link/core/install.php?langcode=en&profile=standard" "Mozilla/5.0 (X11; Ubuntu; Linux x86_64; rv:44.0) Gecko/20100101 Firefox/44.0"
162.158.192.11 - - [06/Feb/2016:18:56:35 +0100] "GET /core/themes/stable/css/system/components/ajax-progress.module.css?0 HTTP/1.1" 200 784 "http://delta9.link/core/install.php?langcode=en&profile=standard" "Mozilla/5.0 (X11; Ubuntu; Linux x86_64; rv:44.0) Gecko/20100101 Firefox/44.0"
162.158.192.23 - - [06/Feb/2016:18:56:35 +0100] "GET /core/themes/stable/css/system/components/autocomplete-loading.module.css?0 HTTP/1.1" 200 550 "http://delta9.link/core/install.php?langcode=en&profile=standard" "Mozilla/5.0 (X11; Ubuntu; Linux x86_64; rv:44.0) Gecko/20100101 Firefox/44.0"
108.162.229.175 - - [06/Feb/2016:18:56:35 +0100] "GET /core/assets/vendor/normalize-css/normalize.css?0 HTTP/1.1" 200 2879 "http://delta9.link/core/install.php?langcode=en&profile=standard" "Mozilla/5.0 (X11; Ubuntu; Linux x86_64; rv:44.0) Gecko/20100101 Firefox/44.0"
108.162.229.184 - - [06/Feb/2016:18:56:35 +0100] "GET /core/themes/stable/css/system/components/align.module.css?0 HTTP/1.1" 200 515 "http://delta9.link/core/install.php?langcode=en&profile=standard" "Mozilla/5.0 (X11; Ubuntu; Linux x86_64; rv:44.0) Gecko/20100101 Firefox/44.0"
162.158.192.17 - - [06/Feb/2016:18:56:35 +0100] "GET /core/themes/stable/css/system/components/container-inline.module.css?0 HTTP/1.1" 200 452 "http://delta9.link/core/install.php?langcode=en&profile=standard" "Mozilla/5.0 (X11; Ubuntu; Linux x86_64; rv:44.0) Gecko/20100101 Firefox/44.0"
108.162.229.196 - - [06/Feb/2016:18:56:35 +0100] "GET /core/themes/stable/css/system/components/fieldgroup.module.css?0 HTTP/1.1" 200 391 "http://delta9.link/core/install.php?langcode=en&profile=standard" "Mozilla/5.0 (X11; Ubuntu; Linux x86_64; rv:44.0) Gecko/20100101 Firefox/44.0"
173.245.49.177 - - [06/Feb/2016:18:56:35 +0100] "GET /core/themes/stable/css/system/components/clearfix.module.css?0 HTTP/1.1" 200 520 "http://delta9.link/core/install.php?langcode=en&profile=standard" "Mozilla/5.0 (X11; Ubuntu; Linux x86_64; rv:44.0) Gecko/20100101 Firefox/44.0"
173.245.49.172 - - [06/Feb/2016:18:56:35 +0100] "GET /core/themes/stable/css/system/components/details.module.css?0 HTTP/1.1" 200 419 "http://delta9.link/core/install.php?langcode=en&profile=standard" "Mozilla/5.0 (X11; Ubuntu; Linux x86_64; rv:44.0) Gecko/20100101 Firefox/44.0"
141.101.66.185 - - [06/Feb/2016:18:56:35 +0100] "GET /core/themes/stable/css/system/components/nowrap.module.css?0 HTTP/1.1" 200 402 "http://delta9.link/core/install.php?langcode=en&profile=standard" "Mozilla/5.0 (X11; Ubuntu; Linux x86_64; rv:44.0) Gecko/20100101 Firefox/44.0"
173.245.49.190 - - [06/Feb/2016:18:56:35 +0100] "GET /core/themes/stable/css/system/components/item-list.module.css?0 HTTP/1.1" 200 453 "http://delta9.link/core/install.php?langcode=en&profile=standard" "Mozilla/5.0 (X11; Ubuntu; Linux x86_64; rv:44.0) Gecko/20100101 Firefox/44.0"
173.245.49.173 - - [06/Feb/2016:18:56:35 +0100] "GET /core/themes/stable/css/system/components/js.module.css?0 HTTP/1.1" 200 531 "http://delta9.link/core/install.php?langcode=en&profile=standard" "Mozilla/5.0 (X11; Ubuntu; Linux x86_64; rv:44.0) Gecko/20100101 Firefox/44.0"
108.162.229.191 - - [06/Feb/2016:18:56:35 +0100] "GET /core/themes/stable/css/system/components/hidden.module.css?0 HTTP/1.1" 200 947 "http://delta9.link/core/install.php?langcode=en&profile=standard" "Mozilla/5.0 (X11; Ubuntu; Linux x86_64; rv:44.0) Gecko/20100101 Firefox/44.0"
173.245.49.193 - - [06/Feb/2016:18:56:35 +0100] "GET /core/themes/stable/css/system/components/progress.module.css?0 HTTP/1.1" 200 655 "http://delta9.link/core/install.php?langcode=en&profile=standard" "Mozilla/5.0 (X11; Ubuntu; Linux x86_64; rv:44.0) Gecko/20100101 Firefox/44.0"
141.101.66.191 - - [06/Feb/2016:18:56:35 +0100] "GET /core/themes/stable/css/system/components/position-container.module.css?0 HTTP/1.1" 200 391 "http://delta9.link/core/install.php?langcode=en&profile=standard" "Mozilla/5.0 (X11; Ubuntu; Linux x86_64; rv:44.0) Gecko/20100101 Firefox/44.0"
108.162.229.200 - - [06/Feb/2016:18:56:35 +0100] "GET /core/themes/stable/css/system/components/reset-appearance.module.css?0 HTTP/1.1" 200 487 "http://delta9.link/core/install.php?langcode=en&profile=standard" "Mozilla/5.0 (X11; Ubuntu; Linux x86_64; rv:44.0) Gecko/20100101 Firefox/44.0"
162.158.192.29 - - [06/Feb/2016:18:56:35 +0100] "GET /core/themes/stable/css/system/components/resize.module.css?0 HTTP/1.1" 200 454 "http://delta9.link/core/install.php?langcode=en&profile=standard" "Mozilla/5.0 (X11; Ubuntu; Linux x86_64; rv:44.0) Gecko/20100101 Firefox/44.0"
173.245.49.203 - - [06/Feb/2016:18:56:36 +0100] "GET /core/themes/stable/css/system/components/sticky-header.module.css?0 HTTP/1.1" 200 441 "http://delta9.link/core/install.php?langcode=en&profile=standard" "Mozilla/5.0 (X11; Ubuntu; Linux x86_64; rv:44.0) Gecko/20100101 Firefox/44.0"
173.245.49.199 - - [06/Feb/2016:18:56:36 +0100] "GET /core/themes/stable/css/system/components/tabledrag.module.css?0 HTTP/1.1" 200 930 "http://delta9.link/core/install.php?langcode=en&profile=standard" "Mozilla/5.0 (X11; Ubuntu; Linux x86_64; rv:44.0) Gecko/20100101 Firefox/44.0"
162.158.192.23 - - [06/Feb/2016:18:56:36 +0100] "GET /core/themes/stable/css/system/components/tablesort.module.css?0 HTTP/1.1" 200 512 "http://delta9.link/core/install.php?langcode=en&profile=standard" "Mozilla/5.0 (X11; Ubuntu; Linux x86_64; rv:44.0) Gecko/20100101 Firefox/44.0"
141.101.66.179 - - [06/Feb/2016:18:56:36 +0100] "GET /core/themes/stable/css/system/components/tree-child.module.css?0 HTTP/1.1" 200 522 "http://delta9.link/core/install.php?langcode=en&profile=standard" "Mozilla/5.0 (X11; Ubuntu; Linux x86_64; rv:44.0) Gecko/20100101 Firefox/44.0"
108.162.229.188 - - [06/Feb/2016:18:56:36 +0100] "GET /core/themes/stable/css/system/system.admin.css?0 HTTP/1.1" 200 2221 "http://delta9.link/core/install.php?langcode=en&profile=standard" "Mozilla/5.0 (X11; Ubuntu; Linux x86_64; rv:44.0) Gecko/20100101 Firefox/44.0"
108.162.229.186 - - [06/Feb/2016:18:56:36 +0100] "GET /core/themes/seven/css/base/elements.css?0 HTTP/1.1" 200 1271 "http://delta9.link/core/install.php?langcode=en&profile=standard" "Mozilla/5.0 (X11; Ubuntu; Linux x86_64; rv:44.0) Gecko/20100101 Firefox/44.0"
162.158.192.5 - - [06/Feb/2016:18:56:36 +0100] "GET /core/themes/seven/css/base/print.css?0 HTTP/1.1" 200 915 "http://delta9.link/core/install.php?langcode=en&profile=standard" "Mozilla/5.0 (X11; Ubuntu; Linux x86_64; rv:44.0) Gecko/20100101 Firefox/44.0"
141.101.66.221 - - [06/Feb/2016:18:56:36 +0100] "GET /core/themes/seven/css/base/typography.css?0 HTTP/1.1" 200 552 "http://delta9.link/core/install.php?langcode=en&profile=standard" "Mozilla/5.0 (X11; Ubuntu; Linux x86_64; rv:44.0) Gecko/20100101 Firefox/44.0"
108.162.229.184 - - [06/Feb/2016:18:56:36 +0100] "GET /core/themes/stable/css/system/system.maintenance.css?0 HTTP/1.1" 200 713 "http://delta9.link/core/install.php?langcode=en&profile=standard" "Mozilla/5.0 (X11; Ubuntu; Linux x86_64; rv:44.0) Gecko/20100101 Firefox/44.0"
173.245.49.201 - - [06/Feb/2016:18:56:36 +0100] "GET /core/themes/seven/css/layout/layout.css?0 HTTP/1.1" 200 392 "http://delta9.link/core/install.php?langcode=en&profile=standard" "Mozilla/5.0 (X11; Ubuntu; Linux x86_64; rv:44.0) Gecko/20100101 Firefox/44.0"
173.245.49.192 - - [06/Feb/2016:18:56:36 +0100] "GET /core/themes/classy/css/components/action-links.css?0 HTTP/1.1" 200 658 "http://delta9.link/core/install.php?langcode=en&profile=standard" "Mozilla/5.0 (X11; Ubuntu; Linux x86_64; rv:44.0) Gecko/20100101 Firefox/44.0"
108.162.229.181 - - [06/Feb/2016:18:56:36 +0100] "GET /core/themes/classy/css/components/breadcrumb.css?0 HTTP/1.1" 200 582 "http://delta9.link/core/install.php?langcode=en&profile=standard" "Mozilla/5.0 (X11; Ubuntu; Linux x86_64; rv:44.0) Gecko/20100101 Firefox/44.0"
173.245.49.172 - - [06/Feb/2016:18:56:36 +0100] "GET /core/themes/classy/css/components/button.css?0 HTTP/1.1" 200 432 "http://delta9.link/core/install.php?langcode=en&profile=standard" "Mozilla/5.0 (X11; Ubuntu; Linux x86_64; rv:44.0) Gecko/20100101 Firefox/44.0"
173.245.49.203 - - [06/Feb/2016:18:56:36 +0100] "GET /core/themes/classy/css/components/collapse-processed.css?0 HTTP/1.1" 200 630 "http://delta9.link/core/install.php?langcode=en&profile=standard" "Mozilla/5.0 (X11; Ubuntu; Linux x86_64; rv:44.0) Gecko/20100101 Firefox/44.0"
108.162.229.174 - - [06/Feb/2016:18:56:36 +0100] "GET /core/themes/classy/css/components/container-inline.css?0 HTTP/1.1" 200 468 "http://delta9.link/core/install.php?langcode=en&profile=standard" "Mozilla/5.0 (X11; Ubuntu; Linux x86_64; rv:44.0) Gecko/20100101 Firefox/44.0"
108.162.229.177 - - [06/Feb/2016:18:56:36 +0100] "GET /core/themes/classy/css/components/details.css?0 HTTP/1.1" 200 605 "http://delta9.link/core/install.php?langcode=en&profile=standard" "Mozilla/5.0 (X11; Ubuntu; Linux x86_64; rv:44.0) Gecko/20100101 Firefox/44.0"
108.162.229.186 - - [06/Feb/2016:18:56:36 +0100] "GET /core/themes/classy/css/components/exposed-filters.css?0 HTTP/1.1" 200 603 "http://delta9.link/core/install.php?langcode=en&profile=standard" "Mozilla/5.0 (X11; Ubuntu; Linux x86_64; rv:44.0) Gecko/20100101 Firefox/44.0"
108.162.229.199 - - [06/Feb/2016:18:56:36 +0100] "GET /core/themes/classy/css/components/field.css?0 HTTP/1.1" 200 509 "http://delta9.link/core/install.php?langcode=en&profile=standard" "Mozilla/5.0 (X11; Ubuntu; Linux x86_64; rv:44.0) Gecko/20100101 Firefox/44.0"
141.101.66.209 - - [06/Feb/2016:18:56:36 +0100] "GET /core/themes/classy/css/components/icons.css?0 HTTP/1.1" 200 565 "http://delta9.link/core/install.php?langcode=en&profile=standard" "Mozilla/5.0 (X11; Ubuntu; Linux x86_64; rv:44.0) Gecko/20100101 Firefox/44.0"
108.162.229.204 - - [06/Feb/2016:18:56:36 +0100] "GET /core/themes/classy/css/components/form.css?0 HTTP/1.1" 200 1091 "http://delta9.link/core/install.php?langcode=en&profile=standard" "Mozilla/5.0 (X11; Ubuntu; Linux x86_64; rv:44.0) Gecko/20100101 Firefox/44.0"
173.245.49.184 - - [06/Feb/2016:18:56:36 +0100] "GET /core/themes/classy/css/components/inline-form.css?0 HTTP/1.1" 200 591 "http://delta9.link/core/install.php?langcode=en&profile=standard" "Mozilla/5.0 (X11; Ubuntu; Linux x86_64; rv:44.0) Gecko/20100101 Firefox/44.0"
108.162.229.193 - - [06/Feb/2016:18:56:36 +0100] "GET /core/themes/classy/css/components/item-list.css?0 HTTP/1.1" 200 550 "http://delta9.link/core/install.php?langcode=en&profile=standard" "Mozilla/5.0 (X11; Ubuntu; Linux x86_64; rv:44.0) Gecko/20100101 Firefox/44.0"
173.245.49.198 - - [06/Feb/2016:18:56:36 +0100] "GET /core/themes/classy/css/components/link.css?0 HTTP/1.1" 200 466 "http://delta9.link/core/install.php?langcode=en&profile=standard" "Mozilla/5.0 (X11; Ubuntu; Linux x86_64; rv:44.0) Gecko/20100101 Firefox/44.0"
108.162.229.170 - - [06/Feb/2016:18:56:36 +0100] "GET /core/themes/classy/css/components/links.css?0 HTTP/1.1" 200 508 "http://delta9.link/core/install.php?langcode=en&profile=standard" "Mozilla/5.0 (X11; Ubuntu; Linux x86_64; rv:44.0) Gecko/20100101 Firefox/44.0"
173.245.49.191 - - [06/Feb/2016:18:56:36 +0100] "GET /core/themes/classy/css/components/menu.css?0 HTTP/1.1" 200 596 "http://delta9.link/core/install.php?langcode=en&profile=standard" "Mozilla/5.0 (X11; Ubuntu; Linux x86_64; rv:44.0) Gecko/20100101 Firefox/44.0"
108.162.229.186 - - [06/Feb/2016:18:56:36 +0100] "GET /core/themes/classy/css/components/more-link.css?0 HTTP/1.1" 200 449 "http://delta9.link/core/install.php?langcode=en&profile=standard" "Mozilla/5.0 (X11; Ubuntu; Linux x86_64; rv:44.0) Gecko/20100101 Firefox/44.0"
173.245.49.189 - - [06/Feb/2016:18:56:36 +0100] "GET /core/themes/classy/css/components/pager.css?0 HTTP/1.1" 200 458 "http://delta9.link/core/install.php?langcode=en&profile=standard" "Mozilla/5.0 (X11; Ubuntu; Linux x86_64; rv:44.0) Gecko/20100101 Firefox/44.0"
108.162.229.193 - - [06/Feb/2016:18:56:36 +0100] "GET /core/themes/classy/css/components/tabledrag.css?0 HTTP/1.1" 200 456 "http://delta9.link/core/install.php?langcode=en&profile=standard" "Mozilla/5.0 (X11; Ubuntu; Linux x86_64; rv:44.0) Gecko/20100101 Firefox/44.0"
141.101.66.233 - - [06/Feb/2016:18:56:36 +0100] "GET /core/themes/classy/css/components/tableselect.css?0 HTTP/1.1" 200 494 "http://delta9.link/core/install.php?langcode=en&profile=standard" "Mozilla/5.0 (X11; Ubuntu; Linux x86_64; rv:44.0) Gecko/20100101 Firefox/44.0"
141.101.66.173 - - [06/Feb/2016:18:56:36 +0100] "GET /core/themes/classy/css/components/tablesort.css?0 HTTP/1.1" 200 422 "http://delta9.link/core/install.php?langcode=en&profile=standard" "Mozilla/5.0 (X11; Ubuntu; Linux x86_64; rv:44.0) Gecko/20100101 Firefox/44.0"
173.245.49.196 - - [06/Feb/2016:18:56:36 +0100] "GET /core/themes/classy/css/components/tabs.css?0 HTTP/1.1" 200 567 "http://delta9.link/core/install.php?langcode=en&profile=standard" "Mozilla/5.0 (X11; Ubuntu; Linux x86_64; rv:44.0) Gecko/20100101 Firefox/44.0"
141.101.66.179 - - [06/Feb/2016:18:56:36 +0100] "GET /core/themes/classy/css/components/textarea.css?0 HTTP/1.1" 200 448 "http://delta9.link/core/install.php?langcode=en&profile=standard" "Mozilla/5.0 (X11; Ubuntu; Linux x86_64; rv:44.0) Gecko/20100101 Firefox/44.0"
173.245.49.197 - - [06/Feb/2016:18:56:36 +0100] "GET /core/themes/classy/css/components/ui-dialog.css?0 HTTP/1.1" 200 454 "http://delta9.link/core/install.php?langcode=en&profile=standard" "Mozilla/5.0 (X11; Ubuntu; Linux x86_64; rv:44.0) Gecko/20100101 Firefox/44.0"
108.162.229.199 - - [06/Feb/2016:18:56:36 +0100] "GET /core/themes/seven/css/components/admin-list.css?0 HTTP/1.1" 200 694 "http://delta9.link/core/install.php?langcode=en&profile=standard" "Mozilla/5.0 (X11; Ubuntu; Linux x86_64; rv:44.0) Gecko/20100101 Firefox/44.0"
141.101.66.221 - - [06/Feb/2016:18:56:36 +0100] "GET /core/themes/seven/css/components/content-header.css?0 HTTP/1.1" 200 418 "http://delta9.link/core/install.php?langcode=en&profile=standard" "Mozilla/5.0 (X11; Ubuntu; Linux x86_64; rv:44.0) Gecko/20100101 Firefox/44.0"
108.162.229.182 - - [06/Feb/2016:18:56:36 +0100] "GET /core/themes/seven/css/components/breadcrumb.css?0 HTTP/1.1" 200 399 "http://delta9.link/core/install.php?langcode=en&profile=standard" "Mozilla/5.0 (X11; Ubuntu; Linux x86_64; rv:44.0) Gecko/20100101 Firefox/44.0"
173.245.49.185 - - [06/Feb/2016:18:56:36 +0100] "GET /core/themes/classy/css/components/messages.css?0 HTTP/1.1" 200 934 "http://delta9.link/core/install.php?langcode=en&profile=standard" "Mozilla/5.0 (X11; Ubuntu; Linux x86_64; rv:44.0) Gecko/20100101 Firefox/44.0"
173.245.49.195 - - [06/Feb/2016:18:56:36 +0100] "GET /core/themes/seven/css/components/buttons.css?0 HTTP/1.1" 200 1960 "http://delta9.link/core/install.php?langcode=en&profile=standard" "Mozilla/5.0 (X11; Ubuntu; Linux x86_64; rv:44.0) Gecko/20100101 Firefox/44.0"
141.101.66.221 - - [06/Feb/2016:18:56:36 +0100] "GET /core/themes/seven/css/components/colors.css?0 HTTP/1.1" 200 442 "http://delta9.link/core/install.php?langcode=en&profile=standard" "Mozilla/5.0 (X11; Ubuntu; Linux x86_64; rv:44.0) Gecko/20100101 Firefox/44.0"
162.158.192.5 - - [06/Feb/2016:18:56:36 +0100] "GET /core/themes/seven/css/components/messages.css?0 HTTP/1.1" 200 469 "http://delta9.link/core/install.php?langcode=en&profile=standard" "Mozilla/5.0 (X11; Ubuntu; Linux x86_64; rv:44.0) Gecko/20100101 Firefox/44.0"
162.158.192.29 - - [06/Feb/2016:18:56:36 +0100] "GET /core/themes/seven/css/components/dropbutton.component.css?0 HTTP/1.1" 200 1981 "http://delta9.link/core/install.php?langcode=en&profile=standard" "Mozilla/5.0 (X11; Ubuntu; Linux x86_64; rv:44.0) Gecko/20100101 Firefox/44.0"
162.158.192.29 - - [06/Feb/2016:18:56:36 +0100] "GET /core/themes/seven/css/components/entity-meta.css?0 HTTP/1.1" 200 817 "http://delta9.link/core/install.php?langcode=en&profile=standard" "Mozilla/5.0 (X11; Ubuntu; Linux x86_64; rv:44.0) Gecko/20100101 Firefox/44.0"
173.245.49.194 - - [06/Feb/2016:18:56:36 +0100] "GET /core/themes/seven/css/components/field-ui.css?0 HTTP/1.1" 200 602 "http://delta9.link/core/install.php?langcode=en&profile=standard" "Mozilla/5.0 (X11; Ubuntu; Linux x86_64; rv:44.0) Gecko/20100101 Firefox/44.0"
108.162.229.200 - - [06/Feb/2016:18:56:36 +0100] "GET /core/themes/seven/css/components/form.css?0 HTTP/1.1" 200 2305 "http://delta9.link/core/install.php?langcode=en&profile=standard" "Mozilla/5.0 (X11; Ubuntu; Linux x86_64; rv:44.0) Gecko/20100101 Firefox/44.0"
173.245.49.203 - - [06/Feb/2016:18:56:36 +0100] "GET /core/themes/seven/css/components/help.css?0 HTTP/1.1" 200 400 "http://delta9.link/core/install.php?langcode=en&profile=standard" "Mozilla/5.0 (X11; Ubuntu; Linux x86_64; rv:44.0) Gecko/20100101 Firefox/44.0"
173.245.49.178 - - [06/Feb/2016:18:56:36 +0100] "GET /core/themes/seven/css/components/modules-page.css?0 HTTP/1.1" 200 605 "http://delta9.link/core/install.php?langcode=en&profile=standard" "Mozilla/5.0 (X11; Ubuntu; Linux x86_64; rv:44.0) Gecko/20100101 Firefox/44.0"
173.245.49.190 - - [06/Feb/2016:18:56:36 +0100] "GET /core/themes/seven/css/components/menus-and-lists.css?0 HTTP/1.1" 200 591 "http://delta9.link/core/install.php?langcode=en&profile=standard" "Mozilla/5.0 (X11; Ubuntu; Linux x86_64; rv:44.0) Gecko/20100101 Firefox/44.0"
108.162.229.183 - - [06/Feb/2016:18:56:36 +0100] "GET /core/themes/seven/css/components/node.css?0 HTTP/1.1" 200 283 "http://delta9.link/core/install.php?langcode=en&profile=standard" "Mozilla/5.0 (X11; Ubuntu; Linux x86_64; rv:44.0) Gecko/20100101 Firefox/44.0"
108.162.229.189 - - [06/Feb/2016:18:56:36 +0100] "GET /core/themes/seven/css/components/page-title.css?0 HTTP/1.1" 200 414 "http://delta9.link/core/install.php?langcode=en&profile=standard" "Mozilla/5.0 (X11; Ubuntu; Linux x86_64; rv:44.0) Gecko/20100101 Firefox/44.0"
108.162.229.194 - - [06/Feb/2016:18:56:36 +0100] "GET /core/themes/seven/css/components/pager.css?0 HTTP/1.1" 200 711 "http://delta9.link/core/install.php?langcode=en&profile=standard" "Mozilla/5.0 (X11; Ubuntu; Linux x86_64; rv:44.0) Gecko/20100101 Firefox/44.0"
162.158.192.11 - - [06/Feb/2016:18:56:36 +0100] "GET /core/themes/seven/css/components/panel.css?0 HTTP/1.1" 200 512 "http://delta9.link/core/install.php?langcode=en&profile=standard" "Mozilla/5.0 (X11; Ubuntu; Linux x86_64; rv:44.0) Gecko/20100101 Firefox/44.0"
108.162.229.173 - - [06/Feb/2016:18:56:36 +0100] "GET /core/themes/seven/css/components/skip-link.css?0 HTTP/1.1" 200 604 "http://delta9.link/core/install.php?langcode=en&profile=standard" "Mozilla/5.0 (X11; Ubuntu; Linux x86_64; rv:44.0) Gecko/20100101 Firefox/44.0"
108.162.229.196 - - [06/Feb/2016:18:56:36 +0100] "GET /core/themes/seven/css/components/tables.css?0 HTTP/1.1" 200 1186 "http://delta9.link/core/install.php?langcode=en&profile=standard" "Mozilla/5.0 (X11; Ubuntu; Linux x86_64; rv:44.0) Gecko/20100101 Firefox/44.0"
108.162.229.190 - - [06/Feb/2016:18:56:36 +0100] "GET /core/themes/seven/css/components/search-admin-settings.css?0 HTTP/1.1" 200 477 "http://delta9.link/core/install.php?langcode=en&profile=standard" "Mozilla/5.0 (X11; Ubuntu; Linux x86_64; rv:44.0) Gecko/20100101 Firefox/44.0"
173.245.49.192 - - [06/Feb/2016:18:56:36 +0100] "GET /core/themes/seven/css/components/tablesort-indicator.css?0 HTTP/1.1" 200 543 "http://delta9.link/core/install.php?langcode=en&profile=standard" "Mozilla/5.0 (X11; Ubuntu; Linux x86_64; rv:44.0) Gecko/20100101 Firefox/44.0"
108.162.229.192 - - [06/Feb/2016:18:56:36 +0100] "GET /core/themes/seven/css/components/tabs.css?0 HTTP/1.1" 200 2211 "http://delta9.link/core/install.php?langcode=en&profile=standard" "Mozilla/5.0 (X11; Ubuntu; Linux x86_64; rv:44.0) Gecko/20100101 Firefox/44.0"
173.245.49.176 - - [06/Feb/2016:18:56:36 +0100] "GET /core/themes/seven/css/components/system-status-report.css?0 HTTP/1.1" 200 468 "http://delta9.link/core/install.php?langcode=en&profile=standard" "Mozilla/5.0 (X11; Ubuntu; Linux x86_64; rv:44.0) Gecko/20100101 Firefox/44.0"
173.245.49.189 - - [06/Feb/2016:18:56:36 +0100] "GET /core/themes/seven/css/components/tour.theme.css?0 HTTP/1.1" 200 929 "http://delta9.link/core/install.php?langcode=en&profile=standard" "Mozilla/5.0 (X11; Ubuntu; Linux x86_64; rv:44.0) Gecko/20100101 Firefox/44.0"
108.162.229.200 - - [06/Feb/2016:18:56:36 +0100] "GET /core/themes/seven/css/components/views-ui.css?0 HTTP/1.1" 200 2128 "http://delta9.link/core/install.php?langcode=en&profile=standard" "Mozilla/5.0 (X11; Ubuntu; Linux x86_64; rv:44.0) Gecko/20100101 Firefox/44.0"
108.162.229.193 - - [06/Feb/2016:18:56:36 +0100] "GET /core/themes/seven/css/theme/maintenance-page.css?0 HTTP/1.1" 200 1475 "http://delta9.link/core/install.php?langcode=en&profile=standard" "Mozilla/5.0 (X11; Ubuntu; Linux x86_64; rv:44.0) Gecko/20100101 Firefox/44.0"
108.162.229.194 - - [06/Feb/2016:18:56:36 +0100] "GET /core/themes/seven/css/theme/install-page.css?0 HTTP/1.1" 200 866 "http://delta9.link/core/install.php?langcode=en&profile=standard" "Mozilla/5.0 (X11; Ubuntu; Linux x86_64; rv:44.0) Gecko/20100101 Firefox/44.0"
108.162.229.183 - - [06/Feb/2016:18:57:16 +0100] "GET /core/install.php?langcode=en&profile=standard HTTP/1.1" 200 2444 "http://delta9.link/core/install.php?langcode=en" "Mozilla/5.0 (X11; Ubuntu; Linux x86_64; rv:44.0) Gecko/20100101 Firefox/44.0"
162.158.192.17 - - [06/Feb/2016:18:57:17 +0100] "GET /core/themes/seven/js/mobile.install.js?v=8.0.3 HTTP/1.1" 200 729 "http://delta9.link/core/install.php?langcode=en&profile=standard" "Mozilla/5.0 (X11; Ubuntu; Linux x86_64; rv:44.0) Gecko/20100101 Firefox/44.0"
108.162.229.175 - - [06/Feb/2016:18:57:17 +0100] "GET /core/assets/vendor/normalize-css/normalize.css?0 HTTP/1.1" 200 2879 "http://delta9.link/core/install.php?langcode=en&profile=standard" "Mozilla/5.0 (X11; Ubuntu; Linux x86_64; rv:44.0) Gecko/20100101 Firefox/44.0"
162.158.192.23 - - [06/Feb/2016:18:57:17 +0100] "GET /core/themes/stable/css/system/components/autocomplete-loading.module.css?0 HTTP/1.1" 200 550 "http://delta9.link/core/install.php?langcode=en&profile=standard" "Mozilla/5.0 (X11; Ubuntu; Linux x86_64; rv:44.0) Gecko/20100101 Firefox/44.0"
162.158.192.17 - - [06/Feb/2016:18:57:17 +0100] "GET /core/themes/stable/css/system/components/container-inline.module.css?0 HTTP/1.1" 200 452 "http://delta9.link/core/install.php?langcode=en&profile=standard" "Mozilla/5.0 (X11; Ubuntu; Linux x86_64; rv:44.0) Gecko/20100101 Firefox/44.0"
108.162.229.196 - - [06/Feb/2016:18:57:17 +0100] "GET /core/themes/stable/css/system/components/fieldgroup.module.css?0 HTTP/1.1" 200 391 "http://delta9.link/core/install.php?langcode=en&profile=standard" "Mozilla/5.0 (X11; Ubuntu; Linux x86_64; rv:44.0) Gecko/20100101 Firefox/44.0"
162.158.192.11 - - [06/Feb/2016:18:57:17 +0100] "GET /core/themes/stable/css/system/components/ajax-progress.module.css?0 HTTP/1.1" 200 784 "http://delta9.link/core/install.php?langcode=en&profile=standard" "Mozilla/5.0 (X11; Ubuntu; Linux x86_64; rv:44.0) Gecko/20100101 Firefox/44.0"
108.162.229.184 - - [06/Feb/2016:18:57:17 +0100] "GET /core/themes/stable/css/system/components/align.module.css?0 HTTP/1.1" 200 515 "http://delta9.link/core/install.php?langcode=en&profile=standard" "Mozilla/5.0 (X11; Ubuntu; Linux x86_64; rv:44.0) Gecko/20100101 Firefox/44.0"
173.245.49.177 - - [06/Feb/2016:18:57:17 +0100] "GET /core/themes/stable/css/system/components/clearfix.module.css?0 HTTP/1.1" 200 520 "http://delta9.link/core/install.php?langcode=en&profile=standard" "Mozilla/5.0 (X11; Ubuntu; Linux x86_64; rv:44.0) Gecko/20100101 Firefox/44.0"
108.162.229.191 - - [06/Feb/2016:18:57:17 +0100] "GET /core/themes/stable/css/system/components/hidden.module.css?0 HTTP/1.1" 200 947 "http://delta9.link/core/install.php?langcode=en&profile=standard" "Mozilla/5.0 (X11; Ubuntu; Linux x86_64; rv:44.0) Gecko/20100101 Firefox/44.0"
